../Core/Src/main.c:74:5:main	8	static
../Core/Src/main.c:123:6:SystemClock_Config	96	static
../Core/Src/main.c:164:13:MX_USART1_UART_Init	8	static
../Core/Src/main.c:212:13:MX_USART3_UART_Init	8	static
../Core/Src/main.c:260:13:MX_GPIO_Init	56	static
../Core/Src/main.c:303:6:my_led_toggle	16	static
../Core/Src/main.c:313:6:astro_reset	8	static
../Core/Src/main.c:319:6:send_debug_logs	24	static
../Core/Src/main.c:332:6:my_astronode_reset	8	static
../Core/Src/main.c:339:6:send_astronode_request	16	static
../Core/Src/main.c:345:10:get_systick	8	static
../Core/Src/main.c:349:6:is_systick_timeout_over	16	static
../Core/Src/main.c:353:6:is_astronode_character_received	16	static
../Core/Src/main.c:357:6:my_astro_evt_pin	8	static
../Core/Src/main.c:361:6:my_astro_init	40	static
../Core/Src/main.c:396:6:sys_init	8	static
../Core/Src/main.c:406:6:Error_Handler	8	static,ignoring_inline_asm
